\BOOKMARK [2][-]{section*.2}{\376\377\000Q\000u\000e\000s\000t\000i\000o\000n\000\040\0001\000\040\040\023\000\040\000R\000e\000t\000u\000r\000n\000\040\000s\000t\000a\000t\000i\000s\000t\000i\000c\000s\000\040\000a\000n\000d\000\040\000G\000a\000u\000s\000s\000i\000a\000n\000\040\000i\000.\000i\000.\000d\000.\000\040\000a\000s\000s\000u\000m\000p\000t\000i\000o\000n}{}% 1
\BOOKMARK [3][-]{section*.3}{\376\377\0001\000.\0001\000\040\000I\000m\000p\000o\000r\000t\000s\000\040\000a\000n\000d\000\040\000b\000a\000s\000i\000c\000\040\000s\000e\000t\000u\000p}{section*.2}% 2
\BOOKMARK [3][-]{section*.4}{\376\377\0001\000.\0002\000\040\000L\000o\000a\000d\000i\000n\000g\000\040\000t\000h\000e\000\040\000e\000q\000u\000i\000t\000y\000\040\000i\000n\000d\000e\000x\000\040\000p\000r\000i\000c\000e\000\040\000d\000a\000t\000a}{section*.2}% 3
\BOOKMARK [3][-]{section*.5}{\376\377\0001\000.\0003\000\040\000E\000x\000t\000r\000a\000c\000t\000i\000n\000g\000\040\000t\000h\000e\000\040\000F\000X\000\040\000d\000a\000t\000a\000\040\000f\000r\000o\000m\000\040\000t\000h\000e\000\040\000E\000x\000c\000e\000l\000\040\000f\000i\000l\000e}{section*.2}% 4
\BOOKMARK [3][-]{section*.6}{\376\377\0001\000.\0004\000\040\000D\000a\000i\000l\000y\000\040\000l\000o\000g\000\040\000r\000e\000t\000u\000r\000n\000s\000\040\000i\000n\000\040\000U\000S\000D}{section*.2}% 5
\BOOKMARK [3][-]{section*.7}{\376\377\0001\000.\0005\000\040\000S\000u\000m\000m\000a\000r\000y\000\040\000s\000t\000a\000t\000i\000s\000t\000i\000c\000s\000\040\000o\000f\000\040\000d\000a\000i\000l\000y\000\040\000r\000e\000t\000u\000r\000n\000s}{section*.2}% 6
\BOOKMARK [3][-]{section*.8}{\376\377\0001\000.\0006\000\040\000C\000o\000r\000r\000e\000l\000a\000t\000i\000o\000n\000\040\000m\000a\000t\000r\000i\000x\000\040\000o\000f\000\040\000d\000a\000i\000l\000y\000\040\000U\000S\000D\000\040\000r\000e\000t\000u\000r\000n\000s}{section*.2}% 7
\BOOKMARK [3][-]{section*.9}{\376\377\0001\000.\0007\000\040\000S\000P\0005\0000\0000\000\040\000e\000m\000p\000i\000r\000i\000c\000a\000l\000\040\000d\000i\000s\000t\000r\000i\000b\000u\000t\000i\000o\000n\000\040\000v\000s\000\040\000f\000i\000t\000t\000e\000d\000\040\000n\000o\000r\000m\000a\000l}{section*.2}% 8
\BOOKMARK [3][-]{section*.10}{\376\377\0001\000.\0008\000\040\000J\000a\000r\000q\000u\000e\040\023\000B\000e\000r\000a\000\040\000n\000o\000r\000m\000a\000l\000i\000t\000y\000\040\000t\000e\000s\000t}{section*.2}% 9
\BOOKMARK [3][-]{section*.11}{\376\377\0001\000.\0009\000\040\000R\000o\000b\000u\000s\000t\000n\000e\000s\000s\000:\000\040\000r\000e\000m\000o\000v\000i\000n\000g\000\040\000c\000r\000i\000s\000i\000s\000\040\000y\000e\000a\000r\000s}{section*.2}% 10
\BOOKMARK [3][-]{section*.12}{\376\377\0001\000.\0001\0000\000\040\000T\000e\000s\000t\000i\000n\000g\000\040\000a\000u\000t\000o\000c\000o\000r\000r\000e\000l\000a\000t\000i\000o\000n\000\040\000\050\000L\000j\000u\000n\000g\040\023\000B\000o\000x\000\051}{section*.2}% 11
\BOOKMARK [3][-]{section*.13}{\376\377\0001\000.\0001\0001\000\040\000C\000o\000n\000c\000l\000u\000s\000i\000o\000n\000\040\000f\000o\000r\000\040\000Q\000u\000e\000s\000t\000i\000o\000n\000\040\0001}{section*.2}% 12
\BOOKMARK [2][-]{section*.14}{\376\377\000Q\000u\000e\000s\000t\000i\000o\000n\000\040\0002\000\040\040\023\000\040\000M\000e\000a\000n\000-\000V\000a\000r\000i\000a\000n\000c\000e\000\040\000\050\000M\000V\000\051\000\040\000a\000n\000a\000l\000y\000s\000i\000s\000\040\000\043\0001}{}% 13
\BOOKMARK [3][-]{section*.15}{\376\377\0002\000.\0001\000\040\000E\000s\000t\000i\000m\000a\000t\000e\000\040\000i\000n\000p\000u\000t\000s\000\040\000\050\000p\000l\000u\000g\000-\000i\000n\000\040\000r\000u\000l\000e\000\051}{section*.14}% 14
\BOOKMARK [3][-]{section*.16}{\376\377\0002\000.\0002\000\040\000M\000a\000p\000p\000i\000n\000g\000\040\000M\000a\000r\000k\000o\000w\000i\000t\000z\000\040\000t\000o\000\040\000q\000u\000a\000d\000p\000r\000o\000g}{section*.14}% 15
\BOOKMARK [3][-]{section*.17}{\376\377\0002\000.\0003\000\040\000E\000f\000f\000i\000c\000i\000e\000n\000t\000\040\000f\000r\000o\000n\000t\000i\000e\000r\000\040\000\050\000u\000n\000c\000o\000n\000s\000t\000r\000a\000i\000n\000e\000d\000\051}{section*.14}% 16
\BOOKMARK [3][-]{section*.18}{\376\377\0002\000.\0004\000\040\000P\000l\000o\000t\000:\000\040\000a\000s\000s\000e\000t\000s\000,\000\040\000e\000f\000f\000i\000c\000i\000e\000n\000t\000\040\000f\000r\000o\000n\000t\000i\000e\000r\000,\000\040\000a\000n\000d\000\040\000t\000a\000n\000g\000e\000n\000c\000y\000\040\000p\000o\000r\000t\000f\000o\000l\000i\000o\000\040\000\050\000u\000n\000c\000o\000n\000s\000t\000r\000a\000i\000n\000e\000d\000\051}{section*.14}% 17
\BOOKMARK [3][-]{section*.19}{\376\377\0002\000.\0005\000\040\000E\000f\000f\000i\000c\000i\000e\000n\000t\000\040\000f\000r\000o\000n\000t\000i\000e\000r\000\040\000w\000i\000t\000h\000\040\000n\000o\000\040\000s\000h\000o\000r\000t\000-\000s\000a\000l\000e\000\040\000c\000o\000n\000s\000t\000r\000a\000i\000n\000t\000\040\000\050\000w\000\040\000\134\000g\000e\000\040\0000\000\051}{section*.14}% 18
\BOOKMARK [3][-]{section*.20}{\376\377\0002\000.\0006\000\040\000P\000l\000o\000t\000:\000\040\000u\000n\000c\000o\000n\000s\000t\000r\000a\000i\000n\000e\000d\000\040\000v\000s\000\040\000n\000o\000-\000s\000h\000o\000r\000t\000\040\000e\000f\000f\000i\000c\000i\000e\000n\000t\000\040\000f\000r\000o\000n\000t\000i\000e\000r\000s}{section*.14}% 19
\BOOKMARK [3][-]{section*.21}{\376\377\0002\000.\0007\000\040\000P\000o\000r\000t\000f\000o\000l\000i\000o\000\040\000w\000e\000i\000g\000h\000t\000s}{section*.14}% 20
\BOOKMARK [3][-]{section*.22}{\376\377\0002\000.\0008\000\040\000C\000o\000n\000c\000l\000u\000s\000i\000o\000n\000\040\000f\000o\000r\000\040\000Q\000u\000e\000s\000t\000i\000o\000n\000\040\0002}{section*.14}% 21
\BOOKMARK [2][-]{section*.23}{\376\377\000Q\000u\000e\000s\000t\000i\000o\000n\000\040\0003\000\040\040\023\000\040\000M\000e\000a\000n\000-\000V\000a\000r\000i\000a\000n\000c\000e\000\040\000\050\000M\000V\000\051\000\040\000a\000n\000a\000l\000y\000s\000i\000s\000\040\000\043\0002}{}% 22
\BOOKMARK [3][-]{section*.24}{\376\377\0003\000.\0001\000\040\000R\000o\000l\000l\000i\000n\000g\000-\000w\000i\000n\000d\000o\000w\000\040\000s\000e\000t\000-\000u\000p\000\040\000a\000n\000d\000\040\000e\000s\000t\000i\000m\000a\000t\000i\000o\000n}{section*.23}% 23
\BOOKMARK [3][-]{section*.25}{\376\377\0003\000.\0002\000\040\000R\000o\000l\000l\000i\000n\000g\000\040\000t\000a\000n\000g\000e\000n\000c\000y\000\040\000p\000o\000r\000t\000f\000o\000l\000i\000o\000s\000:\000\040\000i\000n\000s\000t\000a\000b\000i\000l\000i\000t\000y\000\040\000a\000n\000d\000\040\000c\000o\000n\000c\000e\000n\000t\000r\000a\000t\000i\000o\000n}{section*.23}% 24
\BOOKMARK [3][-]{section*.26}{\376\377\0003\000.\0003\000\040\000C\000o\000m\000p\000a\000r\000i\000s\000o\000n\000\040\000w\000i\000t\000h\000\040\000m\000a\000r\000k\000e\000t\000\040\000c\000a\000p\000-\000b\000a\000s\000e\000d\000\040\000w\000e\000i\000g\000h\000t\000s}{section*.23}% 25
\BOOKMARK [3][-]{section*.27}{\376\377\0003\000.\0004\000\040\000S\000h\000a\000r\000p\000e\000\040\000r\000a\000t\000i\000o\000s\000\040\000o\000v\000e\000r\000\040\000t\000i\000m\000e}{section*.23}% 26
\BOOKMARK [3][-]{section*.28}{\376\377\0003\000.\000x\000\040\000B\000o\000n\000u\000s\000:\000\040\000R\000i\000s\000k\040\023\000r\000e\000t\000u\000r\000n\000\040\000c\000o\000m\000p\000a\000r\000i\000s\000o\000n\000\040\000w\000i\000t\000h\000\040\000t\000h\000e\000\040\000m\000a\000r\000k\000e\000t\000-\000c\000a\000p\000\040\000p\000o\000r\000t\000f\000o\000l\000i\000o}{section*.23}% 27
\BOOKMARK [2][-]{section*.29}{\376\377\000C\000o\000n\000c\000l\000u\000s\000i\000o\000n}{}% 28
